shasum: actor-crops/counterform/counterform-colors-1@1x.png: No such file or directory
actor-crops/counterform/counterform-colors-1@1x.png: FAILED open or read
shasum: actor-crops/counterform/counterform-colors-2@1x.png: No such file or directory
actor-crops/counterform/counterform-colors-2@1x.png: FAILED open or read
shasum: actor-crops/counterform/counterform-colors-3@1x.png: No such file or directory
actor-crops/counterform/counterform-colors-3@1x.png: FAILED open or read
shasum: actor-crops/glass/glass-colors-1@1x.png: No such file or directory
actor-crops/glass/glass-colors-1@1x.png: FAILED open or read
shasum: actor-crops/glass/glass-colors-2@1x.png: No such file or directory
actor-crops/glass/glass-colors-2@1x.png: FAILED open or read
shasum: actor-crops/glass/glass-colors-3@1x.png: No such file or directory
actor-crops/glass/glass-colors-3@1x.png: FAILED open or read
shasum: actor-crops/gradient/gradient-colors-1@1x.png: No such file or directory
actor-crops/gradient/gradient-colors-1@1x.png: FAILED open or read
shasum: actor-crops/gradient/gradient-colors-2@1x.png: No such file or directory
actor-crops/gradient/gradient-colors-2@1x.png: FAILED open or read
shasum: actor-crops/gradient/gradient-colors-3@1x.png: No such file or directory
actor-crops/gradient/gradient-colors-3@1x.png: FAILED open or read
shasum: actor-crops/halo/halo-colors-1@1x.png: No such file or directory
actor-crops/halo/halo-colors-1@1x.png: FAILED open or read
shasum: actor-crops/halo/halo-colors-2@1x.png: No such file or directory
actor-crops/halo/halo-colors-2@1x.png: FAILED open or read
shasum: actor-crops/halo/halo-colors-3@1x.png: No such file or directory
actor-crops/halo/halo-colors-3@1x.png: FAILED open or read
shasum: actor-crops/luminous/luminous-colors-1@1x.png: No such file or directory
actor-crops/luminous/luminous-colors-1@1x.png: FAILED open or read
shasum: actor-crops/luminous/luminous-colors-2@1x.png: No such file or directory
actor-crops/luminous/luminous-colors-2@1x.png: FAILED open or read
shasum: actor-crops/luminous/luminous-colors-3@1x.png: No such file or directory
actor-crops/luminous/luminous-colors-3@1x.png: FAILED open or read
shasum: actor-crops/mist/mist-colors-1@1x.png: No such file or directory
actor-crops/mist/mist-colors-1@1x.png: FAILED open or read
shasum: actor-crops/mist/mist-colors-2@1x.png: No such file or directory
actor-crops/mist/mist-colors-2@1x.png: FAILED open or read
shasum: actor-crops/mist/mist-colors-3@1x.png: No such file or directory
actor-crops/mist/mist-colors-3@1x.png: FAILED open or read
shasum: actor-crops/outline/outline-colors-1@1x.png: No such file or directory
actor-crops/outline/outline-colors-1@1x.png: FAILED open or read
shasum: actor-crops/outline/outline-colors-2@1x.png: No such file or directory
actor-crops/outline/outline-colors-2@1x.png: FAILED open or read
shasum: actor-crops/outline/outline-colors-3@1x.png: No such file or directory
actor-crops/outline/outline-colors-3@1x.png: FAILED open or read
shasum: actor-crops/solid/solid-colors-1@1x.png: No such file or directory
actor-crops/solid/solid-colors-1@1x.png: FAILED open or read
shasum: actor-crops/solid/solid-colors-2@1x.png: No such file or directory
actor-crops/solid/solid-colors-2@1x.png: FAILED open or read
shasum: actor-crops/solid/solid-colors-3@1x.png: No such file or directory
actor-crops/solid/solid-colors-3@1x.png: FAILED open or read
shasum: actor-crops/sphere/sphere-colors-1@1x.png: No such file or directory
actor-crops/sphere/sphere-colors-1@1x.png: FAILED open or read
shasum: actor-crops/sphere/sphere-colors-2@1x.png: No such file or directory
actor-crops/sphere/sphere-colors-2@1x.png: FAILED open or read
shasum: actor-crops/sphere/sphere-colors-3@1x.png: No such file or directory
actor-crops/sphere/sphere-colors-3@1x.png: FAILED open or read
shasum: composition-approved.json: No such file or directory
composition-approved.json: FAILED open or read
shasum: composition-recipes.json: No such file or directory
composition-recipes.json: FAILED open or read
shasum: contact-sheets/family-optics.png: No such file or directory
contact-sheets/family-optics.png: FAILED open or read
shasum: contact-sheets/material-atlas.png: No such file or directory
contact-sheets/material-atlas.png: FAILED open or read
shasum: contact-sheets/outline-counterform.png: No such file or directory
contact-sheets/outline-counterform.png: FAILED open or read
shasum: contact-sheets/scene-scale-full.png: No such file or directory
contact-sheets/scene-scale-full.png: FAILED open or read
shasum: contact-sheets/scene-scale-tile.png: No such file or directory
contact-sheets/scene-scale-tile.png: FAILED open or read
shasum: corpus-manifest.json: No such file or directory
corpus-manifest.json: FAILED open or read
shasum: exact-topology-crops/15-halo-0A9B16D9@1x.png: No such file or directory
exact-topology-crops/15-halo-0A9B16D9@1x.png: FAILED open or read
shasum: exact-topology-crops/15-halo-1BE8C246@1x.png: No such file or directory
exact-topology-crops/15-halo-1BE8C246@1x.png: FAILED open or read
shasum: exact-topology-crops/16-halo-0A9B16D9@1x.png: No such file or directory
exact-topology-crops/16-halo-0A9B16D9@1x.png: FAILED open or read
shasum: exact-topology-crops/21-outline-0A9B16D9@1x.png: No such file or directory
exact-topology-crops/21-outline-0A9B16D9@1x.png: FAILED open or read
shasum: exact-topology-crops/22-outline-2C9F4B58@1x.png: No such file or directory
exact-topology-crops/22-outline-2C9F4B58@1x.png: FAILED open or read
shasum: exact-topology-crops/23-outline-4E6B83FD@1x.png: No such file or directory
exact-topology-crops/23-outline-4E6B83FD@1x.png: FAILED open or read
shasum: manifest.json: No such file or directory
manifest.json: FAILED open or read
shasum: metrics.json: No such file or directory
metrics.json: FAILED open or read
shasum: renders/counterform/24-counterform-colors-01-lowContrast-layout-00-full@1x.png: No such file or directory
renders/counterform/24-counterform-colors-01-lowContrast-layout-00-full@1x.png: FAILED open or read
shasum: renders/counterform/24-counterform-colors-01-lowContrast-layout-00-tile@1x.png: No such file or directory
renders/counterform/24-counterform-colors-01-lowContrast-layout-00-tile@1x.png: FAILED open or read
shasum: renders/counterform/25-counterform-colors-02-light-layout-01-full@1x.png: No such file or directory
renders/counterform/25-counterform-colors-02-light-layout-01-full@1x.png: FAILED open or read
shasum: renders/counterform/25-counterform-colors-02-light-layout-01-tile@1x.png: No such file or directory
renders/counterform/25-counterform-colors-02-light-layout-01-tile@1x.png: FAILED open or read
shasum: renders/counterform/26-counterform-colors-03-dark-layout-02-full@1x.png: No such file or directory
renders/counterform/26-counterform-colors-03-dark-layout-02-full@1x.png: FAILED open or read
shasum: renders/counterform/26-counterform-colors-03-dark-layout-02-tile@1x.png: No such file or directory
renders/counterform/26-counterform-colors-03-dark-layout-02-tile@1x.png: FAILED open or read
shasum: renders/glass/09-glass-colors-01-light-layout-09-full@1x.png: No such file or directory
renders/glass/09-glass-colors-01-light-layout-09-full@1x.png: FAILED open or read
shasum: renders/glass/09-glass-colors-01-light-layout-09-tile@1x.png: No such file or directory
renders/glass/09-glass-colors-01-light-layout-09-tile@1x.png: FAILED open or read
shasum: renders/glass/10-glass-colors-02-dark-layout-10-full@1x.png: No such file or directory
renders/glass/10-glass-colors-02-dark-layout-10-full@1x.png: FAILED open or read
shasum: renders/glass/10-glass-colors-02-dark-layout-10-tile@1x.png: No such file or directory
renders/glass/10-glass-colors-02-dark-layout-10-tile@1x.png: FAILED open or read
shasum: renders/glass/11-glass-colors-03-lowContrast-layout-11-full@1x.png: No such file or directory
renders/glass/11-glass-colors-03-lowContrast-layout-11-full@1x.png: FAILED open or read
shasum: renders/glass/11-glass-colors-03-lowContrast-layout-11-tile@1x.png: No such file or directory
renders/glass/11-glass-colors-03-lowContrast-layout-11-tile@1x.png: FAILED open or read
shasum: renders/gradient/00-gradient-colors-01-light-layout-00-full@1x.png: No such file or directory
renders/gradient/00-gradient-colors-01-light-layout-00-full@1x.png: FAILED open or read
shasum: renders/gradient/00-gradient-colors-01-light-layout-00-tile@1x.png: No such file or directory
renders/gradient/00-gradient-colors-01-light-layout-00-tile@1x.png: FAILED open or read
shasum: renders/gradient/01-gradient-colors-02-dark-layout-01-full@1x.png: No such file or directory
renders/gradient/01-gradient-colors-02-dark-layout-01-full@1x.png: FAILED open or read
shasum: renders/gradient/01-gradient-colors-02-dark-layout-01-tile@1x.png: No such file or directory
renders/gradient/01-gradient-colors-02-dark-layout-01-tile@1x.png: FAILED open or read
shasum: renders/gradient/02-gradient-colors-03-lowContrast-layout-02-full@1x.png: No such file or directory
renders/gradient/02-gradient-colors-03-lowContrast-layout-02-full@1x.png: FAILED open or read
shasum: renders/gradient/02-gradient-colors-03-lowContrast-layout-02-tile@1x.png: No such file or directory
renders/gradient/02-gradient-colors-03-lowContrast-layout-02-tile@1x.png: FAILED open or read
shasum: renders/halo/15-halo-colors-01-lowContrast-layout-03-full@1x.png: No such file or directory
renders/halo/15-halo-colors-01-lowContrast-layout-03-full@1x.png: FAILED open or read
shasum: renders/halo/15-halo-colors-01-lowContrast-layout-03-tile@1x.png: No such file or directory
renders/halo/15-halo-colors-01-lowContrast-layout-03-tile@1x.png: FAILED open or read
shasum: renders/halo/16-halo-colors-02-light-layout-04-full@1x.png: No such file or directory
renders/halo/16-halo-colors-02-light-layout-04-full@1x.png: FAILED open or read
shasum: renders/halo/16-halo-colors-02-light-layout-04-tile@1x.png: No such file or directory
renders/halo/16-halo-colors-02-light-layout-04-tile@1x.png: FAILED open or read
shasum: renders/halo/17-halo-colors-03-dark-layout-05-full@1x.png: No such file or directory
renders/halo/17-halo-colors-03-dark-layout-05-full@1x.png: FAILED open or read
shasum: renders/halo/17-halo-colors-03-dark-layout-05-tile@1x.png: No such file or directory
renders/halo/17-halo-colors-03-dark-layout-05-tile@1x.png: FAILED open or read
shasum: renders/luminous/18-luminous-colors-01-light-layout-06-full@1x.png: No such file or directory
renders/luminous/18-luminous-colors-01-light-layout-06-full@1x.png: FAILED open or read
shasum: renders/luminous/18-luminous-colors-01-light-layout-06-tile@1x.png: No such file or directory
renders/luminous/18-luminous-colors-01-light-layout-06-tile@1x.png: FAILED open or read
shasum: renders/luminous/19-luminous-colors-02-dark-layout-07-full@1x.png: No such file or directory
renders/luminous/19-luminous-colors-02-dark-layout-07-full@1x.png: FAILED open or read
shasum: renders/luminous/19-luminous-colors-02-dark-layout-07-tile@1x.png: No such file or directory
renders/luminous/19-luminous-colors-02-dark-layout-07-tile@1x.png: FAILED open or read
shasum: renders/luminous/20-luminous-colors-03-lowContrast-layout-08-full@1x.png: No such file or directory
renders/luminous/20-luminous-colors-03-lowContrast-layout-08-full@1x.png: FAILED open or read
shasum: renders/luminous/20-luminous-colors-03-lowContrast-layout-08-tile@1x.png: No such file or directory
renders/luminous/20-luminous-colors-03-lowContrast-layout-08-tile@1x.png: FAILED open or read
shasum: renders/mist/12-mist-colors-01-dark-layout-00-full@1x.png: No such file or directory
renders/mist/12-mist-colors-01-dark-layout-00-full@1x.png: FAILED open or read
shasum: renders/mist/12-mist-colors-01-dark-layout-00-tile@1x.png: No such file or directory
renders/mist/12-mist-colors-01-dark-layout-00-tile@1x.png: FAILED open or read
shasum: renders/mist/13-mist-colors-02-lowContrast-layout-01-full@1x.png: No such file or directory
renders/mist/13-mist-colors-02-lowContrast-layout-01-full@1x.png: FAILED open or read
shasum: renders/mist/13-mist-colors-02-lowContrast-layout-01-tile@1x.png: No such file or directory
renders/mist/13-mist-colors-02-lowContrast-layout-01-tile@1x.png: FAILED open or read
shasum: renders/mist/14-mist-colors-03-light-layout-02-full@1x.png: No such file or directory
renders/mist/14-mist-colors-03-light-layout-02-full@1x.png: FAILED open or read
shasum: renders/mist/14-mist-colors-03-light-layout-02-tile@1x.png: No such file or directory
renders/mist/14-mist-colors-03-light-layout-02-tile@1x.png: FAILED open or read
shasum: renders/outline/21-outline-colors-01-dark-layout-09-full@1x.png: No such file or directory
renders/outline/21-outline-colors-01-dark-layout-09-full@1x.png: FAILED open or read
shasum: renders/outline/21-outline-colors-01-dark-layout-09-tile@1x.png: No such file or directory
renders/outline/21-outline-colors-01-dark-layout-09-tile@1x.png: FAILED open or read
shasum: renders/outline/22-outline-colors-02-lowContrast-layout-10-full@1x.png: No such file or directory
renders/outline/22-outline-colors-02-lowContrast-layout-10-full@1x.png: FAILED open or read
shasum: renders/outline/22-outline-colors-02-lowContrast-layout-10-tile@1x.png: No such file or directory
renders/outline/22-outline-colors-02-lowContrast-layout-10-tile@1x.png: FAILED open or read
shasum: renders/outline/23-outline-colors-03-light-layout-11-full@1x.png: No such file or directory
renders/outline/23-outline-colors-03-light-layout-11-full@1x.png: FAILED open or read
shasum: renders/outline/23-outline-colors-03-light-layout-11-tile@1x.png: No such file or directory
renders/outline/23-outline-colors-03-light-layout-11-tile@1x.png: FAILED open or read
shasum: renders/solid/03-solid-colors-01-dark-layout-03-full@1x.png: No such file or directory
renders/solid/03-solid-colors-01-dark-layout-03-full@1x.png: FAILED open or read
shasum: renders/solid/03-solid-colors-01-dark-layout-03-tile@1x.png: No such file or directory
renders/solid/03-solid-colors-01-dark-layout-03-tile@1x.png: FAILED open or read
shasum: renders/solid/04-solid-colors-02-lowContrast-layout-04-full@1x.png: No such file or directory
renders/solid/04-solid-colors-02-lowContrast-layout-04-full@1x.png: FAILED open or read
shasum: renders/solid/04-solid-colors-02-lowContrast-layout-04-tile@1x.png: No such file or directory
renders/solid/04-solid-colors-02-lowContrast-layout-04-tile@1x.png: FAILED open or read
shasum: renders/solid/05-solid-colors-03-light-layout-05-full@1x.png: No such file or directory
renders/solid/05-solid-colors-03-light-layout-05-full@1x.png: FAILED open or read
shasum: renders/solid/05-solid-colors-03-light-layout-05-tile@1x.png: No such file or directory
renders/solid/05-solid-colors-03-light-layout-05-tile@1x.png: FAILED open or read
shasum: renders/sphere/06-sphere-colors-01-lowContrast-layout-06-full@1x.png: No such file or directory
renders/sphere/06-sphere-colors-01-lowContrast-layout-06-full@1x.png: FAILED open or read
shasum: renders/sphere/06-sphere-colors-01-lowContrast-layout-06-tile@1x.png: No such file or directory
renders/sphere/06-sphere-colors-01-lowContrast-layout-06-tile@1x.png: FAILED open or read
shasum: renders/sphere/07-sphere-colors-02-light-layout-07-full@1x.png: No such file or directory
renders/sphere/07-sphere-colors-02-light-layout-07-full@1x.png: FAILED open or read
shasum: renders/sphere/07-sphere-colors-02-light-layout-07-tile@1x.png: No such file or directory
renders/sphere/07-sphere-colors-02-light-layout-07-tile@1x.png: FAILED open or read
shasum: renders/sphere/08-sphere-colors-03-dark-layout-08-full@1x.png: No such file or directory
renders/sphere/08-sphere-colors-03-dark-layout-08-full@1x.png: FAILED open or read
shasum: renders/sphere/08-sphere-colors-03-dark-layout-08-tile@1x.png: No such file or directory
renders/sphere/08-sphere-colors-03-dark-layout-08-tile@1x.png: FAILED open or read
shasum: scene-scale/counterform/counterform-colors-1-dark-layout-11-full@1x.png: No such file or directory
scene-scale/counterform/counterform-colors-1-dark-layout-11-full@1x.png: FAILED open or read
shasum: scene-scale/counterform/counterform-colors-1-dark-layout-11-tile@1x.png: No such file or directory
scene-scale/counterform/counterform-colors-1-dark-layout-11-tile@1x.png: FAILED open or read
shasum: scene-scale/counterform/counterform-colors-1-light-layout-11-full@1x.png: No such file or directory
scene-scale/counterform/counterform-colors-1-light-layout-11-full@1x.png: FAILED open or read
shasum: scene-scale/counterform/counterform-colors-1-light-layout-11-tile@1x.png: No such file or directory
scene-scale/counterform/counterform-colors-1-light-layout-11-tile@1x.png: FAILED open or read
shasum: scene-scale/counterform/counterform-colors-1-lowContrast-layout-11-full@1x.png: No such file or directory
scene-scale/counterform/counterform-colors-1-lowContrast-layout-11-full@1x.png: FAILED open or read
shasum: scene-scale/counterform/counterform-colors-1-lowContrast-layout-11-tile@1x.png: No such file or directory
scene-scale/counterform/counterform-colors-1-lowContrast-layout-11-tile@1x.png: FAILED open or read
shasum: scene-scale/counterform/counterform-colors-2-dark-layout-11-full@1x.png: No such file or directory
scene-scale/counterform/counterform-colors-2-dark-layout-11-full@1x.png: FAILED open or read
shasum: scene-scale/counterform/counterform-colors-2-dark-layout-11-tile@1x.png: No such file or directory
scene-scale/counterform/counterform-colors-2-dark-layout-11-tile@1x.png: FAILED open or read
shasum: scene-scale/counterform/counterform-colors-2-light-layout-11-full@1x.png: No such file or directory
scene-scale/counterform/counterform-colors-2-light-layout-11-full@1x.png: FAILED open or read
shasum: scene-scale/counterform/counterform-colors-2-light-layout-11-tile@1x.png: No such file or directory
scene-scale/counterform/counterform-colors-2-light-layout-11-tile@1x.png: FAILED open or read
shasum: scene-scale/counterform/counterform-colors-2-lowContrast-layout-11-full@1x.png: No such file or directory
scene-scale/counterform/counterform-colors-2-lowContrast-layout-11-full@1x.png: FAILED open or read
shasum: scene-scale/counterform/counterform-colors-2-lowContrast-layout-11-tile@1x.png: No such file or directory
scene-scale/counterform/counterform-colors-2-lowContrast-layout-11-tile@1x.png: FAILED open or read
shasum: scene-scale/counterform/counterform-colors-3-dark-layout-11-full@1x.png: No such file or directory
scene-scale/counterform/counterform-colors-3-dark-layout-11-full@1x.png: FAILED open or read
shasum: scene-scale/counterform/counterform-colors-3-dark-layout-11-tile@1x.png: No such file or directory
scene-scale/counterform/counterform-colors-3-dark-layout-11-tile@1x.png: FAILED open or read
shasum: scene-scale/counterform/counterform-colors-3-light-layout-11-full@1x.png: No such file or directory
scene-scale/counterform/counterform-colors-3-light-layout-11-full@1x.png: FAILED open or read
shasum: scene-scale/counterform/counterform-colors-3-light-layout-11-tile@1x.png: No such file or directory
scene-scale/counterform/counterform-colors-3-light-layout-11-tile@1x.png: FAILED open or read
shasum: scene-scale/counterform/counterform-colors-3-lowContrast-layout-11-full@1x.png: No such file or directory
scene-scale/counterform/counterform-colors-3-lowContrast-layout-11-full@1x.png: FAILED open or read
shasum: scene-scale/counterform/counterform-colors-3-lowContrast-layout-11-tile@1x.png: No such file or directory
scene-scale/counterform/counterform-colors-3-lowContrast-layout-11-tile@1x.png: FAILED open or read
shasum: scene-scale/glass/glass-colors-1-dark-layout-11-full@1x.png: No such file or directory
scene-scale/glass/glass-colors-1-dark-layout-11-full@1x.png: FAILED open or read
shasum: scene-scale/glass/glass-colors-1-dark-layout-11-tile@1x.png: No such file or directory
scene-scale/glass/glass-colors-1-dark-layout-11-tile@1x.png: FAILED open or read
shasum: scene-scale/glass/glass-colors-1-light-layout-11-full@1x.png: No such file or directory
scene-scale/glass/glass-colors-1-light-layout-11-full@1x.png: FAILED open or read
shasum: scene-scale/glass/glass-colors-1-light-layout-11-tile@1x.png: No such file or directory
scene-scale/glass/glass-colors-1-light-layout-11-tile@1x.png: FAILED open or read
shasum: scene-scale/glass/glass-colors-1-lowContrast-layout-11-full@1x.png: No such file or directory
scene-scale/glass/glass-colors-1-lowContrast-layout-11-full@1x.png: FAILED open or read
shasum: scene-scale/glass/glass-colors-1-lowContrast-layout-11-tile@1x.png: No such file or directory
scene-scale/glass/glass-colors-1-lowContrast-layout-11-tile@1x.png: FAILED open or read
shasum: scene-scale/glass/glass-colors-2-dark-layout-11-full@1x.png: No such file or directory
scene-scale/glass/glass-colors-2-dark-layout-11-full@1x.png: FAILED open or read
shasum: scene-scale/glass/glass-colors-2-dark-layout-11-tile@1x.png: No such file or directory
scene-scale/glass/glass-colors-2-dark-layout-11-tile@1x.png: FAILED open or read
shasum: scene-scale/glass/glass-colors-2-light-layout-11-full@1x.png: No such file or directory
scene-scale/glass/glass-colors-2-light-layout-11-full@1x.png: FAILED open or read
shasum: scene-scale/glass/glass-colors-2-light-layout-11-tile@1x.png: No such file or directory
scene-scale/glass/glass-colors-2-light-layout-11-tile@1x.png: FAILED open or read
shasum: scene-scale/glass/glass-colors-2-lowContrast-layout-11-full@1x.png: No such file or directory
scene-scale/glass/glass-colors-2-lowContrast-layout-11-full@1x.png: FAILED open or read
shasum: scene-scale/glass/glass-colors-2-lowContrast-layout-11-tile@1x.png: No such file or directory
scene-scale/glass/glass-colors-2-lowContrast-layout-11-tile@1x.png: FAILED open or read
shasum: scene-scale/glass/glass-colors-3-dark-layout-11-full@1x.png: No such file or directory
scene-scale/glass/glass-colors-3-dark-layout-11-full@1x.png: FAILED open or read
shasum: scene-scale/glass/glass-colors-3-dark-layout-11-tile@1x.png: No such file or directory
scene-scale/glass/glass-colors-3-dark-layout-11-tile@1x.png: FAILED open or read
shasum: scene-scale/glass/glass-colors-3-light-layout-11-full@1x.png: No such file or directory
scene-scale/glass/glass-colors-3-light-layout-11-full@1x.png: FAILED open or read
shasum: scene-scale/glass/glass-colors-3-light-layout-11-tile@1x.png: No such file or directory
scene-scale/glass/glass-colors-3-light-layout-11-tile@1x.png: FAILED open or read
shasum: scene-scale/glass/glass-colors-3-lowContrast-layout-11-full@1x.png: No such file or directory
scene-scale/glass/glass-colors-3-lowContrast-layout-11-full@1x.png: FAILED open or read
shasum: scene-scale/glass/glass-colors-3-lowContrast-layout-11-tile@1x.png: No such file or directory
scene-scale/glass/glass-colors-3-lowContrast-layout-11-tile@1x.png: FAILED open or read
shasum: scene-scale/gradient/gradient-colors-1-dark-layout-11-full@1x.png: No such file or directory
scene-scale/gradient/gradient-colors-1-dark-layout-11-full@1x.png: FAILED open or read
shasum: scene-scale/gradient/gradient-colors-1-dark-layout-11-tile@1x.png: No such file or directory
scene-scale/gradient/gradient-colors-1-dark-layout-11-tile@1x.png: FAILED open or read
shasum: scene-scale/gradient/gradient-colors-1-light-layout-11-full@1x.png: No such file or directory
scene-scale/gradient/gradient-colors-1-light-layout-11-full@1x.png: FAILED open or read
shasum: scene-scale/gradient/gradient-colors-1-light-layout-11-tile@1x.png: No such file or directory
scene-scale/gradient/gradient-colors-1-light-layout-11-tile@1x.png: FAILED open or read
shasum: scene-scale/gradient/gradient-colors-1-lowContrast-layout-11-full@1x.png: No such file or directory
scene-scale/gradient/gradient-colors-1-lowContrast-layout-11-full@1x.png: FAILED open or read
shasum: scene-scale/gradient/gradient-colors-1-lowContrast-layout-11-tile@1x.png: No such file or directory
scene-scale/gradient/gradient-colors-1-lowContrast-layout-11-tile@1x.png: FAILED open or read
shasum: scene-scale/gradient/gradient-colors-2-dark-layout-11-full@1x.png: No such file or directory
scene-scale/gradient/gradient-colors-2-dark-layout-11-full@1x.png: FAILED open or read
shasum: scene-scale/gradient/gradient-colors-2-dark-layout-11-tile@1x.png: No such file or directory
scene-scale/gradient/gradient-colors-2-dark-layout-11-tile@1x.png: FAILED open or read
shasum: scene-scale/gradient/gradient-colors-2-light-layout-11-full@1x.png: No such file or directory
scene-scale/gradient/gradient-colors-2-light-layout-11-full@1x.png: FAILED open or read
shasum: scene-scale/gradient/gradient-colors-2-light-layout-11-tile@1x.png: No such file or directory
scene-scale/gradient/gradient-colors-2-light-layout-11-tile@1x.png: FAILED open or read
shasum: scene-scale/gradient/gradient-colors-2-lowContrast-layout-11-full@1x.png: No such file or directory
scene-scale/gradient/gradient-colors-2-lowContrast-layout-11-full@1x.png: FAILED open or read
shasum: scene-scale/gradient/gradient-colors-2-lowContrast-layout-11-tile@1x.png: No such file or directory
scene-scale/gradient/gradient-colors-2-lowContrast-layout-11-tile@1x.png: FAILED open or read
shasum: scene-scale/gradient/gradient-colors-3-dark-layout-11-full@1x.png: No such file or directory
scene-scale/gradient/gradient-colors-3-dark-layout-11-full@1x.png: FAILED open or read
shasum: scene-scale/gradient/gradient-colors-3-dark-layout-11-tile@1x.png: No such file or directory
scene-scale/gradient/gradient-colors-3-dark-layout-11-tile@1x.png: FAILED open or read
shasum: scene-scale/gradient/gradient-colors-3-light-layout-11-full@1x.png: No such file or directory
scene-scale/gradient/gradient-colors-3-light-layout-11-full@1x.png: FAILED open or read
shasum: scene-scale/gradient/gradient-colors-3-light-layout-11-tile@1x.png: No such file or directory
scene-scale/gradient/gradient-colors-3-light-layout-11-tile@1x.png: FAILED open or read
shasum: scene-scale/gradient/gradient-colors-3-lowContrast-layout-11-full@1x.png: No such file or directory
scene-scale/gradient/gradient-colors-3-lowContrast-layout-11-full@1x.png: FAILED open or read
shasum: scene-scale/gradient/gradient-colors-3-lowContrast-layout-11-tile@1x.png: No such file or directory
scene-scale/gradient/gradient-colors-3-lowContrast-layout-11-tile@1x.png: FAILED open or read
shasum: scene-scale/halo/halo-colors-1-dark-layout-11-full@1x.png: No such file or directory
scene-scale/halo/halo-colors-1-dark-layout-11-full@1x.png: FAILED open or read
shasum: scene-scale/halo/halo-colors-1-dark-layout-11-tile@1x.png: No such file or directory
scene-scale/halo/halo-colors-1-dark-layout-11-tile@1x.png: FAILED open or read
shasum: scene-scale/halo/halo-colors-1-light-layout-11-full@1x.png: No such file or directory
scene-scale/halo/halo-colors-1-light-layout-11-full@1x.png: FAILED open or read
shasum: scene-scale/halo/halo-colors-1-light-layout-11-tile@1x.png: No such file or directory
scene-scale/halo/halo-colors-1-light-layout-11-tile@1x.png: FAILED open or read
shasum: scene-scale/halo/halo-colors-1-lowContrast-layout-11-full@1x.png: No such file or directory
scene-scale/halo/halo-colors-1-lowContrast-layout-11-full@1x.png: FAILED open or read
shasum: scene-scale/halo/halo-colors-1-lowContrast-layout-11-tile@1x.png: No such file or directory
scene-scale/halo/halo-colors-1-lowContrast-layout-11-tile@1x.png: FAILED open or read
shasum: scene-scale/halo/halo-colors-2-dark-layout-11-full@1x.png: No such file or directory
scene-scale/halo/halo-colors-2-dark-layout-11-full@1x.png: FAILED open or read
shasum: scene-scale/halo/halo-colors-2-dark-layout-11-tile@1x.png: No such file or directory
scene-scale/halo/halo-colors-2-dark-layout-11-tile@1x.png: FAILED open or read
shasum: scene-scale/halo/halo-colors-2-light-layout-11-full@1x.png: No such file or directory
scene-scale/halo/halo-colors-2-light-layout-11-full@1x.png: FAILED open or read
shasum: scene-scale/halo/halo-colors-2-light-layout-11-tile@1x.png: No such file or directory
scene-scale/halo/halo-colors-2-light-layout-11-tile@1x.png: FAILED open or read
shasum: scene-scale/halo/halo-colors-2-lowContrast-layout-11-full@1x.png: No such file or directory
scene-scale/halo/halo-colors-2-lowContrast-layout-11-full@1x.png: FAILED open or read
shasum: scene-scale/halo/halo-colors-2-lowContrast-layout-11-tile@1x.png: No such file or directory
scene-scale/halo/halo-colors-2-lowContrast-layout-11-tile@1x.png: FAILED open or read
shasum: scene-scale/halo/halo-colors-3-dark-layout-11-full@1x.png: No such file or directory
scene-scale/halo/halo-colors-3-dark-layout-11-full@1x.png: FAILED open or read
shasum: scene-scale/halo/halo-colors-3-dark-layout-11-tile@1x.png: No such file or directory
scene-scale/halo/halo-colors-3-dark-layout-11-tile@1x.png: FAILED open or read
shasum: scene-scale/halo/halo-colors-3-light-layout-11-full@1x.png: No such file or directory
scene-scale/halo/halo-colors-3-light-layout-11-full@1x.png: FAILED open or read
shasum: scene-scale/halo/halo-colors-3-light-layout-11-tile@1x.png: No such file or directory
scene-scale/halo/halo-colors-3-light-layout-11-tile@1x.png: FAILED open or read
shasum: scene-scale/halo/halo-colors-3-lowContrast-layout-11-full@1x.png: No such file or directory
scene-scale/halo/halo-colors-3-lowContrast-layout-11-full@1x.png: FAILED open or read
shasum: scene-scale/halo/halo-colors-3-lowContrast-layout-11-tile@1x.png: No such file or directory
scene-scale/halo/halo-colors-3-lowContrast-layout-11-tile@1x.png: FAILED open or read
shasum: scene-scale/luminous/luminous-colors-1-dark-layout-11-full@1x.png: No such file or directory
scene-scale/luminous/luminous-colors-1-dark-layout-11-full@1x.png: FAILED open or read
shasum: scene-scale/luminous/luminous-colors-1-dark-layout-11-tile@1x.png: No such file or directory
scene-scale/luminous/luminous-colors-1-dark-layout-11-tile@1x.png: FAILED open or read
shasum: scene-scale/luminous/luminous-colors-1-light-layout-11-full@1x.png: No such file or directory
scene-scale/luminous/luminous-colors-1-light-layout-11-full@1x.png: FAILED open or read
shasum: scene-scale/luminous/luminous-colors-1-light-layout-11-tile@1x.png: No such file or directory
scene-scale/luminous/luminous-colors-1-light-layout-11-tile@1x.png: FAILED open or read
shasum: scene-scale/luminous/luminous-colors-1-lowContrast-layout-11-full@1x.png: No such file or directory
scene-scale/luminous/luminous-colors-1-lowContrast-layout-11-full@1x.png: FAILED open or read
shasum: scene-scale/luminous/luminous-colors-1-lowContrast-layout-11-tile@1x.png: No such file or directory
scene-scale/luminous/luminous-colors-1-lowContrast-layout-11-tile@1x.png: FAILED open or read
shasum: scene-scale/luminous/luminous-colors-2-dark-layout-11-full@1x.png: No such file or directory
scene-scale/luminous/luminous-colors-2-dark-layout-11-full@1x.png: FAILED open or read
shasum: scene-scale/luminous/luminous-colors-2-dark-layout-11-tile@1x.png: No such file or directory
scene-scale/luminous/luminous-colors-2-dark-layout-11-tile@1x.png: FAILED open or read
shasum: scene-scale/luminous/luminous-colors-2-light-layout-11-full@1x.png: No such file or directory
scene-scale/luminous/luminous-colors-2-light-layout-11-full@1x.png: FAILED open or read
shasum: scene-scale/luminous/luminous-colors-2-light-layout-11-tile@1x.png: No such file or directory
scene-scale/luminous/luminous-colors-2-light-layout-11-tile@1x.png: FAILED open or read
shasum: scene-scale/luminous/luminous-colors-2-lowContrast-layout-11-full@1x.png: No such file or directory
scene-scale/luminous/luminous-colors-2-lowContrast-layout-11-full@1x.png: FAILED open or read
shasum: scene-scale/luminous/luminous-colors-2-lowContrast-layout-11-tile@1x.png: No such file or directory
scene-scale/luminous/luminous-colors-2-lowContrast-layout-11-tile@1x.png: FAILED open or read
shasum: scene-scale/luminous/luminous-colors-3-dark-layout-11-full@1x.png: No such file or directory
scene-scale/luminous/luminous-colors-3-dark-layout-11-full@1x.png: FAILED open or read
shasum: scene-scale/luminous/luminous-colors-3-dark-layout-11-tile@1x.png: No such file or directory
scene-scale/luminous/luminous-colors-3-dark-layout-11-tile@1x.png: FAILED open or read
shasum: scene-scale/luminous/luminous-colors-3-light-layout-11-full@1x.png: No such file or directory
scene-scale/luminous/luminous-colors-3-light-layout-11-full@1x.png: FAILED open or read
shasum: scene-scale/luminous/luminous-colors-3-light-layout-11-tile@1x.png: No such file or directory
scene-scale/luminous/luminous-colors-3-light-layout-11-tile@1x.png: FAILED open or read
shasum: scene-scale/luminous/luminous-colors-3-lowContrast-layout-11-full@1x.png: No such file or directory
scene-scale/luminous/luminous-colors-3-lowContrast-layout-11-full@1x.png: FAILED open or read
shasum: scene-scale/luminous/luminous-colors-3-lowContrast-layout-11-tile@1x.png: No such file or directory
scene-scale/luminous/luminous-colors-3-lowContrast-layout-11-tile@1x.png: FAILED open or read
shasum: scene-scale/mist/mist-colors-1-dark-layout-11-full@1x.png: No such file or directory
scene-scale/mist/mist-colors-1-dark-layout-11-full@1x.png: FAILED open or read
shasum: scene-scale/mist/mist-colors-1-dark-layout-11-tile@1x.png: No such file or directory
scene-scale/mist/mist-colors-1-dark-layout-11-tile@1x.png: FAILED open or read
shasum: scene-scale/mist/mist-colors-1-light-layout-11-full@1x.png: No such file or directory
scene-scale/mist/mist-colors-1-light-layout-11-full@1x.png: FAILED open or read
shasum: scene-scale/mist/mist-colors-1-light-layout-11-tile@1x.png: No such file or directory
scene-scale/mist/mist-colors-1-light-layout-11-tile@1x.png: FAILED open or read
shasum: scene-scale/mist/mist-colors-1-lowContrast-layout-11-full@1x.png: No such file or directory
scene-scale/mist/mist-colors-1-lowContrast-layout-11-full@1x.png: FAILED open or read
shasum: scene-scale/mist/mist-colors-1-lowContrast-layout-11-tile@1x.png: No such file or directory
scene-scale/mist/mist-colors-1-lowContrast-layout-11-tile@1x.png: FAILED open or read
shasum: scene-scale/mist/mist-colors-2-dark-layout-11-full@1x.png: No such file or directory
scene-scale/mist/mist-colors-2-dark-layout-11-full@1x.png: FAILED open or read
shasum: scene-scale/mist/mist-colors-2-dark-layout-11-tile@1x.png: No such file or directory
scene-scale/mist/mist-colors-2-dark-layout-11-tile@1x.png: FAILED open or read
shasum: scene-scale/mist/mist-colors-2-light-layout-11-full@1x.png: No such file or directory
scene-scale/mist/mist-colors-2-light-layout-11-full@1x.png: FAILED open or read
shasum: scene-scale/mist/mist-colors-2-light-layout-11-tile@1x.png: No such file or directory
scene-scale/mist/mist-colors-2-light-layout-11-tile@1x.png: FAILED open or read
shasum: scene-scale/mist/mist-colors-2-lowContrast-layout-11-full@1x.png: No such file or directory
scene-scale/mist/mist-colors-2-lowContrast-layout-11-full@1x.png: FAILED open or read
shasum: scene-scale/mist/mist-colors-2-lowContrast-layout-11-tile@1x.png: No such file or directory
scene-scale/mist/mist-colors-2-lowContrast-layout-11-tile@1x.png: FAILED open or read
shasum: scene-scale/mist/mist-colors-3-dark-layout-11-full@1x.png: No such file or directory
scene-scale/mist/mist-colors-3-dark-layout-11-full@1x.png: FAILED open or read
shasum: scene-scale/mist/mist-colors-3-dark-layout-11-tile@1x.png: No such file or directory
scene-scale/mist/mist-colors-3-dark-layout-11-tile@1x.png: FAILED open or read
shasum: scene-scale/mist/mist-colors-3-light-layout-11-full@1x.png: No such file or directory
scene-scale/mist/mist-colors-3-light-layout-11-full@1x.png: FAILED open or read
shasum: scene-scale/mist/mist-colors-3-light-layout-11-tile@1x.png: No such file or directory
scene-scale/mist/mist-colors-3-light-layout-11-tile@1x.png: FAILED open or read
shasum: scene-scale/mist/mist-colors-3-lowContrast-layout-11-full@1x.png: No such file or directory
scene-scale/mist/mist-colors-3-lowContrast-layout-11-full@1x.png: FAILED open or read
shasum: scene-scale/mist/mist-colors-3-lowContrast-layout-11-tile@1x.png: No such file or directory
scene-scale/mist/mist-colors-3-lowContrast-layout-11-tile@1x.png: FAILED open or read
shasum: scene-scale/outline/outline-colors-1-dark-layout-11-full@1x.png: No such file or directory
scene-scale/outline/outline-colors-1-dark-layout-11-full@1x.png: FAILED open or read
shasum: scene-scale/outline/outline-colors-1-dark-layout-11-tile@1x.png: No such file or directory
scene-scale/outline/outline-colors-1-dark-layout-11-tile@1x.png: FAILED open or read
shasum: scene-scale/outline/outline-colors-1-light-layout-11-full@1x.png: No such file or directory
scene-scale/outline/outline-colors-1-light-layout-11-full@1x.png: FAILED open or read
shasum: scene-scale/outline/outline-colors-1-light-layout-11-tile@1x.png: No such file or directory
scene-scale/outline/outline-colors-1-light-layout-11-tile@1x.png: FAILED open or read
shasum: scene-scale/outline/outline-colors-1-lowContrast-layout-11-full@1x.png: No such file or directory
scene-scale/outline/outline-colors-1-lowContrast-layout-11-full@1x.png: FAILED open or read
shasum: scene-scale/outline/outline-colors-1-lowContrast-layout-11-tile@1x.png: No such file or directory
scene-scale/outline/outline-colors-1-lowContrast-layout-11-tile@1x.png: FAILED open or read
shasum: scene-scale/outline/outline-colors-2-dark-layout-11-full@1x.png: No such file or directory
scene-scale/outline/outline-colors-2-dark-layout-11-full@1x.png: FAILED open or read
shasum: scene-scale/outline/outline-colors-2-dark-layout-11-tile@1x.png: No such file or directory
scene-scale/outline/outline-colors-2-dark-layout-11-tile@1x.png: FAILED open or read
shasum: scene-scale/outline/outline-colors-2-light-layout-11-full@1x.png: No such file or directory
scene-scale/outline/outline-colors-2-light-layout-11-full@1x.png: FAILED open or read
shasum: scene-scale/outline/outline-colors-2-light-layout-11-tile@1x.png: No such file or directory
scene-scale/outline/outline-colors-2-light-layout-11-tile@1x.png: FAILED open or read
shasum: scene-scale/outline/outline-colors-2-lowContrast-layout-11-full@1x.png: No such file or directory
scene-scale/outline/outline-colors-2-lowContrast-layout-11-full@1x.png: FAILED open or read
shasum: scene-scale/outline/outline-colors-2-lowContrast-layout-11-tile@1x.png: No such file or directory
scene-scale/outline/outline-colors-2-lowContrast-layout-11-tile@1x.png: FAILED open or read
shasum: scene-scale/outline/outline-colors-3-dark-layout-11-full@1x.png: No such file or directory
scene-scale/outline/outline-colors-3-dark-layout-11-full@1x.png: FAILED open or read
shasum: scene-scale/outline/outline-colors-3-dark-layout-11-tile@1x.png: No such file or directory
scene-scale/outline/outline-colors-3-dark-layout-11-tile@1x.png: FAILED open or read
shasum: scene-scale/outline/outline-colors-3-light-layout-11-full@1x.png: No such file or directory
scene-scale/outline/outline-colors-3-light-layout-11-full@1x.png: FAILED open or read
shasum: scene-scale/outline/outline-colors-3-light-layout-11-tile@1x.png: No such file or directory
scene-scale/outline/outline-colors-3-light-layout-11-tile@1x.png: FAILED open or read
shasum: scene-scale/outline/outline-colors-3-lowContrast-layout-11-full@1x.png: No such file or directory
scene-scale/outline/outline-colors-3-lowContrast-layout-11-full@1x.png: FAILED open or read
shasum: scene-scale/outline/outline-colors-3-lowContrast-layout-11-tile@1x.png: No such file or directory
scene-scale/outline/outline-colors-3-lowContrast-layout-11-tile@1x.png: FAILED open or read
shasum: scene-scale/solid/solid-colors-1-dark-layout-11-full@1x.png: No such file or directory
scene-scale/solid/solid-colors-1-dark-layout-11-full@1x.png: FAILED open or read
shasum: scene-scale/solid/solid-colors-1-dark-layout-11-tile@1x.png: No such file or directory
scene-scale/solid/solid-colors-1-dark-layout-11-tile@1x.png: FAILED open or read
shasum: scene-scale/solid/solid-colors-1-light-layout-11-full@1x.png: No such file or directory
scene-scale/solid/solid-colors-1-light-layout-11-full@1x.png: FAILED open or read
shasum: scene-scale/solid/solid-colors-1-light-layout-11-tile@1x.png: No such file or directory
scene-scale/solid/solid-colors-1-light-layout-11-tile@1x.png: FAILED open or read
shasum: scene-scale/solid/solid-colors-1-lowContrast-layout-11-full@1x.png: No such file or directory
scene-scale/solid/solid-colors-1-lowContrast-layout-11-full@1x.png: FAILED open or read
shasum: scene-scale/solid/solid-colors-1-lowContrast-layout-11-tile@1x.png: No such file or directory
scene-scale/solid/solid-colors-1-lowContrast-layout-11-tile@1x.png: FAILED open or read
shasum: scene-scale/solid/solid-colors-2-dark-layout-11-full@1x.png: No such file or directory
scene-scale/solid/solid-colors-2-dark-layout-11-full@1x.png: FAILED open or read
shasum: scene-scale/solid/solid-colors-2-dark-layout-11-tile@1x.png: No such file or directory
scene-scale/solid/solid-colors-2-dark-layout-11-tile@1x.png: FAILED open or read
shasum: scene-scale/solid/solid-colors-2-light-layout-11-full@1x.png: No such file or directory
scene-scale/solid/solid-colors-2-light-layout-11-full@1x.png: FAILED open or read
shasum: scene-scale/solid/solid-colors-2-light-layout-11-tile@1x.png: No such file or directory
scene-scale/solid/solid-colors-2-light-layout-11-tile@1x.png: FAILED open or read
shasum: scene-scale/solid/solid-colors-2-lowContrast-layout-11-full@1x.png: No such file or directory
scene-scale/solid/solid-colors-2-lowContrast-layout-11-full@1x.png: FAILED open or read
shasum: scene-scale/solid/solid-colors-2-lowContrast-layout-11-tile@1x.png: No such file or directory
scene-scale/solid/solid-colors-2-lowContrast-layout-11-tile@1x.png: FAILED open or read
shasum: scene-scale/solid/solid-colors-3-dark-layout-11-full@1x.png: No such file or directory
scene-scale/solid/solid-colors-3-dark-layout-11-full@1x.png: FAILED open or read
shasum: scene-scale/solid/solid-colors-3-dark-layout-11-tile@1x.png: No such file or directory
scene-scale/solid/solid-colors-3-dark-layout-11-tile@1x.png: FAILED open or read
shasum: scene-scale/solid/solid-colors-3-light-layout-11-full@1x.png: No such file or directory
scene-scale/solid/solid-colors-3-light-layout-11-full@1x.png: FAILED open or read
shasum: scene-scale/solid/solid-colors-3-light-layout-11-tile@1x.png: No such file or directory
scene-scale/solid/solid-colors-3-light-layout-11-tile@1x.png: FAILED open or read
shasum: scene-scale/solid/solid-colors-3-lowContrast-layout-11-full@1x.png: No such file or directory
scene-scale/solid/solid-colors-3-lowContrast-layout-11-full@1x.png: FAILED open or read
shasum: scene-scale/solid/solid-colors-3-lowContrast-layout-11-tile@1x.png: No such file or directory
scene-scale/solid/solid-colors-3-lowContrast-layout-11-tile@1x.png: FAILED open or read
shasum: scene-scale/sphere/sphere-colors-1-dark-layout-11-full@1x.png: No such file or directory
scene-scale/sphere/sphere-colors-1-dark-layout-11-full@1x.png: FAILED open or read
shasum: scene-scale/sphere/sphere-colors-1-dark-layout-11-tile@1x.png: No such file or directory
scene-scale/sphere/sphere-colors-1-dark-layout-11-tile@1x.png: FAILED open or read
shasum: scene-scale/sphere/sphere-colors-1-light-layout-11-full@1x.png: No such file or directory
scene-scale/sphere/sphere-colors-1-light-layout-11-full@1x.png: FAILED open or read
shasum: scene-scale/sphere/sphere-colors-1-light-layout-11-tile@1x.png: No such file or directory
scene-scale/sphere/sphere-colors-1-light-layout-11-tile@1x.png: FAILED open or read
shasum: scene-scale/sphere/sphere-colors-1-lowContrast-layout-11-full@1x.png: No such file or directory
scene-scale/sphere/sphere-colors-1-lowContrast-layout-11-full@1x.png: FAILED open or read
shasum: scene-scale/sphere/sphere-colors-1-lowContrast-layout-11-tile@1x.png: No such file or directory
scene-scale/sphere/sphere-colors-1-lowContrast-layout-11-tile@1x.png: FAILED open or read
shasum: scene-scale/sphere/sphere-colors-2-dark-layout-11-full@1x.png: No such file or directory
scene-scale/sphere/sphere-colors-2-dark-layout-11-full@1x.png: FAILED open or read
shasum: scene-scale/sphere/sphere-colors-2-dark-layout-11-tile@1x.png: No such file or directory
scene-scale/sphere/sphere-colors-2-dark-layout-11-tile@1x.png: FAILED open or read
shasum: scene-scale/sphere/sphere-colors-2-light-layout-11-full@1x.png: No such file or directory
scene-scale/sphere/sphere-colors-2-light-layout-11-full@1x.png: FAILED open or read
shasum: scene-scale/sphere/sphere-colors-2-light-layout-11-tile@1x.png: No such file or directory
scene-scale/sphere/sphere-colors-2-light-layout-11-tile@1x.png: FAILED open or read
shasum: scene-scale/sphere/sphere-colors-2-lowContrast-layout-11-full@1x.png: No such file or directory
scene-scale/sphere/sphere-colors-2-lowContrast-layout-11-full@1x.png: FAILED open or read
shasum: scene-scale/sphere/sphere-colors-2-lowContrast-layout-11-tile@1x.png: No such file or directory
scene-scale/sphere/sphere-colors-2-lowContrast-layout-11-tile@1x.png: FAILED open or read
shasum: scene-scale/sphere/sphere-colors-3-dark-layout-11-full@1x.png: No such file or directory
scene-scale/sphere/sphere-colors-3-dark-layout-11-full@1x.png: FAILED open or read
shasum: scene-scale/sphere/sphere-colors-3-dark-layout-11-tile@1x.png: No such file or directory
scene-scale/sphere/sphere-colors-3-dark-layout-11-tile@1x.png: FAILED open or read
shasum: scene-scale/sphere/sphere-colors-3-light-layout-11-full@1x.png: No such file or directory
scene-scale/sphere/sphere-colors-3-light-layout-11-full@1x.png: FAILED open or read
shasum: scene-scale/sphere/sphere-colors-3-light-layout-11-tile@1x.png: No such file or directory
scene-scale/sphere/sphere-colors-3-light-layout-11-tile@1x.png: FAILED open or read
shasum: scene-scale/sphere/sphere-colors-3-lowContrast-layout-11-full@1x.png: No such file or directory
scene-scale/sphere/sphere-colors-3-lowContrast-layout-11-full@1x.png: FAILED open or read
shasum: scene-scale/sphere/sphere-colors-3-lowContrast-layout-11-tile@1x.png: No such file or directory
scene-scale/sphere/sphere-colors-3-lowContrast-layout-11-tile@1x.png: FAILED open or read
shasum: WARNING: 259 listed files could not be read
        0.02 real         0.01 user         0.00 sys
             7716864  maximum resident set size
                   0  average shared memory size
                   0  average unshared data size
                   0  average unshared stack size
                 668  page reclaims
                   4  page faults
                   0  swaps
                   0  block input operations
                   0  block output operations
                   0  messages sent
                   0  messages received
                   0  signals received
                   2  voluntary context switches
                   2  involuntary context switches
           205154750  instructions retired
            67060712  cycles elapsed
             5259576  peak memory footprint
