actor-crops/counterform/counterform-colors-1@3x.png: OK
actor-crops/counterform/counterform-colors-2@3x.png: OK
actor-crops/counterform/counterform-colors-3@3x.png: OK
actor-crops/glass/glass-colors-1@3x.png: OK
actor-crops/glass/glass-colors-2@3x.png: OK
actor-crops/glass/glass-colors-3@3x.png: OK
actor-crops/gradient/gradient-colors-1@3x.png: OK
actor-crops/gradient/gradient-colors-2@3x.png: OK
actor-crops/gradient/gradient-colors-3@3x.png: OK
actor-crops/halo/halo-colors-1@3x.png: OK
actor-crops/halo/halo-colors-2@3x.png: OK
actor-crops/halo/halo-colors-3@3x.png: OK
actor-crops/luminous/luminous-colors-1@3x.png: OK
actor-crops/luminous/luminous-colors-2@3x.png: OK
actor-crops/luminous/luminous-colors-3@3x.png: OK
actor-crops/mist/mist-colors-1@3x.png: OK
actor-crops/mist/mist-colors-2@3x.png: OK
actor-crops/mist/mist-colors-3@3x.png: OK
actor-crops/outline/outline-colors-1@3x.png: OK
actor-crops/outline/outline-colors-2@3x.png: OK
actor-crops/outline/outline-colors-3@3x.png: OK
actor-crops/solid/solid-colors-1@3x.png: OK
actor-crops/solid/solid-colors-2@3x.png: OK
actor-crops/solid/solid-colors-3@3x.png: OK
actor-crops/sphere/sphere-colors-1@3x.png: OK
actor-crops/sphere/sphere-colors-2@3x.png: OK
actor-crops/sphere/sphere-colors-3@3x.png: OK
composition-approved.json: OK
composition-recipes.json: OK
contact-sheets/family-optics.png: OK
contact-sheets/material-atlas.png: OK
contact-sheets/outline-counterform.png: OK
contact-sheets/scene-scale-full.png: OK
contact-sheets/scene-scale-tile.png: OK
corpus-manifest.json: OK
exact-topology-crops/15-halo-0A9B16D9@3x.png: OK
exact-topology-crops/15-halo-1BE8C246@3x.png: OK
exact-topology-crops/16-halo-0A9B16D9@3x.png: OK
exact-topology-crops/21-outline-0A9B16D9@3x.png: OK
exact-topology-crops/22-outline-2C9F4B58@3x.png: OK
exact-topology-crops/23-outline-4E6B83FD@3x.png: OK
manifest.json: OK
metrics.json: OK
renders/counterform/24-counterform-colors-01-lowContrast-layout-00-full@3x.png: OK
renders/counterform/24-counterform-colors-01-lowContrast-layout-00-tile@3x.png: OK
renders/counterform/25-counterform-colors-02-light-layout-01-full@3x.png: OK
renders/counterform/25-counterform-colors-02-light-layout-01-tile@3x.png: OK
renders/counterform/26-counterform-colors-03-dark-layout-02-full@3x.png: OK
renders/counterform/26-counterform-colors-03-dark-layout-02-tile@3x.png: OK
renders/glass/09-glass-colors-01-light-layout-09-full@3x.png: OK
renders/glass/09-glass-colors-01-light-layout-09-tile@3x.png: OK
renders/glass/10-glass-colors-02-dark-layout-10-full@3x.png: OK
renders/glass/10-glass-colors-02-dark-layout-10-tile@3x.png: OK
renders/glass/11-glass-colors-03-lowContrast-layout-11-full@3x.png: OK
renders/glass/11-glass-colors-03-lowContrast-layout-11-tile@3x.png: OK
renders/gradient/00-gradient-colors-01-light-layout-00-full@3x.png: OK
renders/gradient/00-gradient-colors-01-light-layout-00-tile@3x.png: OK
renders/gradient/01-gradient-colors-02-dark-layout-01-full@3x.png: OK
renders/gradient/01-gradient-colors-02-dark-layout-01-tile@3x.png: OK
renders/gradient/02-gradient-colors-03-lowContrast-layout-02-full@3x.png: OK
renders/gradient/02-gradient-colors-03-lowContrast-layout-02-tile@3x.png: OK
renders/halo/15-halo-colors-01-lowContrast-layout-03-full@3x.png: OK
renders/halo/15-halo-colors-01-lowContrast-layout-03-tile@3x.png: OK
renders/halo/16-halo-colors-02-light-layout-04-full@3x.png: OK
renders/halo/16-halo-colors-02-light-layout-04-tile@3x.png: OK
renders/halo/17-halo-colors-03-dark-layout-05-full@3x.png: OK
renders/halo/17-halo-colors-03-dark-layout-05-tile@3x.png: OK
renders/luminous/18-luminous-colors-01-light-layout-06-full@3x.png: OK
renders/luminous/18-luminous-colors-01-light-layout-06-tile@3x.png: OK
renders/luminous/19-luminous-colors-02-dark-layout-07-full@3x.png: OK
renders/luminous/19-luminous-colors-02-dark-layout-07-tile@3x.png: OK
renders/luminous/20-luminous-colors-03-lowContrast-layout-08-full@3x.png: OK
renders/luminous/20-luminous-colors-03-lowContrast-layout-08-tile@3x.png: OK
renders/mist/12-mist-colors-01-dark-layout-00-full@3x.png: OK
renders/mist/12-mist-colors-01-dark-layout-00-tile@3x.png: OK
renders/mist/13-mist-colors-02-lowContrast-layout-01-full@3x.png: OK
renders/mist/13-mist-colors-02-lowContrast-layout-01-tile@3x.png: OK
renders/mist/14-mist-colors-03-light-layout-02-full@3x.png: OK
renders/mist/14-mist-colors-03-light-layout-02-tile@3x.png: OK
renders/outline/21-outline-colors-01-dark-layout-09-full@3x.png: OK
renders/outline/21-outline-colors-01-dark-layout-09-tile@3x.png: OK
renders/outline/22-outline-colors-02-lowContrast-layout-10-full@3x.png: OK
renders/outline/22-outline-colors-02-lowContrast-layout-10-tile@3x.png: OK
renders/outline/23-outline-colors-03-light-layout-11-full@3x.png: OK
renders/outline/23-outline-colors-03-light-layout-11-tile@3x.png: OK
renders/solid/03-solid-colors-01-dark-layout-03-full@3x.png: OK
renders/solid/03-solid-colors-01-dark-layout-03-tile@3x.png: OK
renders/solid/04-solid-colors-02-lowContrast-layout-04-full@3x.png: OK
renders/solid/04-solid-colors-02-lowContrast-layout-04-tile@3x.png: OK
renders/solid/05-solid-colors-03-light-layout-05-full@3x.png: OK
renders/solid/05-solid-colors-03-light-layout-05-tile@3x.png: OK
renders/sphere/06-sphere-colors-01-lowContrast-layout-06-full@3x.png: OK
renders/sphere/06-sphere-colors-01-lowContrast-layout-06-tile@3x.png: OK
renders/sphere/07-sphere-colors-02-light-layout-07-full@3x.png: OK
renders/sphere/07-sphere-colors-02-light-layout-07-tile@3x.png: OK
renders/sphere/08-sphere-colors-03-dark-layout-08-full@3x.png: OK
renders/sphere/08-sphere-colors-03-dark-layout-08-tile@3x.png: OK
scene-scale/counterform/counterform-colors-1-dark-layout-11-full@1x.png: OK
scene-scale/counterform/counterform-colors-1-dark-layout-11-tile@1x.png: OK
scene-scale/counterform/counterform-colors-1-light-layout-11-full@1x.png: OK
scene-scale/counterform/counterform-colors-1-light-layout-11-tile@1x.png: OK
scene-scale/counterform/counterform-colors-1-lowContrast-layout-11-full@1x.png: OK
scene-scale/counterform/counterform-colors-1-lowContrast-layout-11-tile@1x.png: OK
scene-scale/counterform/counterform-colors-2-dark-layout-11-full@1x.png: OK
scene-scale/counterform/counterform-colors-2-dark-layout-11-tile@1x.png: OK
scene-scale/counterform/counterform-colors-2-light-layout-11-full@1x.png: OK
scene-scale/counterform/counterform-colors-2-light-layout-11-tile@1x.png: OK
scene-scale/counterform/counterform-colors-2-lowContrast-layout-11-full@1x.png: OK
scene-scale/counterform/counterform-colors-2-lowContrast-layout-11-tile@1x.png: OK
scene-scale/counterform/counterform-colors-3-dark-layout-11-full@1x.png: OK
scene-scale/counterform/counterform-colors-3-dark-layout-11-tile@1x.png: OK
scene-scale/counterform/counterform-colors-3-light-layout-11-full@1x.png: OK
scene-scale/counterform/counterform-colors-3-light-layout-11-tile@1x.png: OK
scene-scale/counterform/counterform-colors-3-lowContrast-layout-11-full@1x.png: OK
scene-scale/counterform/counterform-colors-3-lowContrast-layout-11-tile@1x.png: OK
scene-scale/glass/glass-colors-1-dark-layout-11-full@1x.png: OK
scene-scale/glass/glass-colors-1-dark-layout-11-tile@1x.png: OK
scene-scale/glass/glass-colors-1-light-layout-11-full@1x.png: OK
scene-scale/glass/glass-colors-1-light-layout-11-tile@1x.png: OK
scene-scale/glass/glass-colors-1-lowContrast-layout-11-full@1x.png: OK
scene-scale/glass/glass-colors-1-lowContrast-layout-11-tile@1x.png: OK
scene-scale/glass/glass-colors-2-dark-layout-11-full@1x.png: OK
scene-scale/glass/glass-colors-2-dark-layout-11-tile@1x.png: OK
scene-scale/glass/glass-colors-2-light-layout-11-full@1x.png: OK
scene-scale/glass/glass-colors-2-light-layout-11-tile@1x.png: OK
scene-scale/glass/glass-colors-2-lowContrast-layout-11-full@1x.png: OK
scene-scale/glass/glass-colors-2-lowContrast-layout-11-tile@1x.png: OK
scene-scale/glass/glass-colors-3-dark-layout-11-full@1x.png: OK
scene-scale/glass/glass-colors-3-dark-layout-11-tile@1x.png: OK
scene-scale/glass/glass-colors-3-light-layout-11-full@1x.png: OK
scene-scale/glass/glass-colors-3-light-layout-11-tile@1x.png: OK
scene-scale/glass/glass-colors-3-lowContrast-layout-11-full@1x.png: OK
scene-scale/glass/glass-colors-3-lowContrast-layout-11-tile@1x.png: OK
scene-scale/gradient/gradient-colors-1-dark-layout-11-full@1x.png: OK
scene-scale/gradient/gradient-colors-1-dark-layout-11-tile@1x.png: OK
scene-scale/gradient/gradient-colors-1-light-layout-11-full@1x.png: OK
scene-scale/gradient/gradient-colors-1-light-layout-11-tile@1x.png: OK
scene-scale/gradient/gradient-colors-1-lowContrast-layout-11-full@1x.png: OK
scene-scale/gradient/gradient-colors-1-lowContrast-layout-11-tile@1x.png: OK
scene-scale/gradient/gradient-colors-2-dark-layout-11-full@1x.png: OK
scene-scale/gradient/gradient-colors-2-dark-layout-11-tile@1x.png: OK
scene-scale/gradient/gradient-colors-2-light-layout-11-full@1x.png: OK
scene-scale/gradient/gradient-colors-2-light-layout-11-tile@1x.png: OK
scene-scale/gradient/gradient-colors-2-lowContrast-layout-11-full@1x.png: OK
scene-scale/gradient/gradient-colors-2-lowContrast-layout-11-tile@1x.png: OK
scene-scale/gradient/gradient-colors-3-dark-layout-11-full@1x.png: OK
scene-scale/gradient/gradient-colors-3-dark-layout-11-tile@1x.png: OK
scene-scale/gradient/gradient-colors-3-light-layout-11-full@1x.png: OK
scene-scale/gradient/gradient-colors-3-light-layout-11-tile@1x.png: OK
scene-scale/gradient/gradient-colors-3-lowContrast-layout-11-full@1x.png: OK
scene-scale/gradient/gradient-colors-3-lowContrast-layout-11-tile@1x.png: OK
scene-scale/halo/halo-colors-1-dark-layout-11-full@1x.png: OK
scene-scale/halo/halo-colors-1-dark-layout-11-tile@1x.png: OK
scene-scale/halo/halo-colors-1-light-layout-11-full@1x.png: OK
scene-scale/halo/halo-colors-1-light-layout-11-tile@1x.png: OK
scene-scale/halo/halo-colors-1-lowContrast-layout-11-full@1x.png: OK
scene-scale/halo/halo-colors-1-lowContrast-layout-11-tile@1x.png: OK
scene-scale/halo/halo-colors-2-dark-layout-11-full@1x.png: OK
scene-scale/halo/halo-colors-2-dark-layout-11-tile@1x.png: OK
scene-scale/halo/halo-colors-2-light-layout-11-full@1x.png: OK
scene-scale/halo/halo-colors-2-light-layout-11-tile@1x.png: OK
scene-scale/halo/halo-colors-2-lowContrast-layout-11-full@1x.png: OK
scene-scale/halo/halo-colors-2-lowContrast-layout-11-tile@1x.png: OK
scene-scale/halo/halo-colors-3-dark-layout-11-full@1x.png: OK
scene-scale/halo/halo-colors-3-dark-layout-11-tile@1x.png: OK
scene-scale/halo/halo-colors-3-light-layout-11-full@1x.png: OK
scene-scale/halo/halo-colors-3-light-layout-11-tile@1x.png: OK
scene-scale/halo/halo-colors-3-lowContrast-layout-11-full@1x.png: OK
scene-scale/halo/halo-colors-3-lowContrast-layout-11-tile@1x.png: OK
scene-scale/luminous/luminous-colors-1-dark-layout-11-full@1x.png: OK
scene-scale/luminous/luminous-colors-1-dark-layout-11-tile@1x.png: OK
scene-scale/luminous/luminous-colors-1-light-layout-11-full@1x.png: OK
scene-scale/luminous/luminous-colors-1-light-layout-11-tile@1x.png: OK
scene-scale/luminous/luminous-colors-1-lowContrast-layout-11-full@1x.png: OK
scene-scale/luminous/luminous-colors-1-lowContrast-layout-11-tile@1x.png: OK
scene-scale/luminous/luminous-colors-2-dark-layout-11-full@1x.png: OK
scene-scale/luminous/luminous-colors-2-dark-layout-11-tile@1x.png: OK
scene-scale/luminous/luminous-colors-2-light-layout-11-full@1x.png: OK
scene-scale/luminous/luminous-colors-2-light-layout-11-tile@1x.png: OK
scene-scale/luminous/luminous-colors-2-lowContrast-layout-11-full@1x.png: OK
scene-scale/luminous/luminous-colors-2-lowContrast-layout-11-tile@1x.png: OK
scene-scale/luminous/luminous-colors-3-dark-layout-11-full@1x.png: OK
scene-scale/luminous/luminous-colors-3-dark-layout-11-tile@1x.png: OK
scene-scale/luminous/luminous-colors-3-light-layout-11-full@1x.png: OK
scene-scale/luminous/luminous-colors-3-light-layout-11-tile@1x.png: OK
scene-scale/luminous/luminous-colors-3-lowContrast-layout-11-full@1x.png: OK
scene-scale/luminous/luminous-colors-3-lowContrast-layout-11-tile@1x.png: OK
scene-scale/mist/mist-colors-1-dark-layout-11-full@1x.png: OK
scene-scale/mist/mist-colors-1-dark-layout-11-tile@1x.png: OK
scene-scale/mist/mist-colors-1-light-layout-11-full@1x.png: OK
scene-scale/mist/mist-colors-1-light-layout-11-tile@1x.png: OK
scene-scale/mist/mist-colors-1-lowContrast-layout-11-full@1x.png: OK
scene-scale/mist/mist-colors-1-lowContrast-layout-11-tile@1x.png: OK
scene-scale/mist/mist-colors-2-dark-layout-11-full@1x.png: OK
scene-scale/mist/mist-colors-2-dark-layout-11-tile@1x.png: OK
scene-scale/mist/mist-colors-2-light-layout-11-full@1x.png: OK
scene-scale/mist/mist-colors-2-light-layout-11-tile@1x.png: OK
scene-scale/mist/mist-colors-2-lowContrast-layout-11-full@1x.png: OK
scene-scale/mist/mist-colors-2-lowContrast-layout-11-tile@1x.png: OK
scene-scale/mist/mist-colors-3-dark-layout-11-full@1x.png: OK
scene-scale/mist/mist-colors-3-dark-layout-11-tile@1x.png: OK
scene-scale/mist/mist-colors-3-light-layout-11-full@1x.png: OK
scene-scale/mist/mist-colors-3-light-layout-11-tile@1x.png: OK
scene-scale/mist/mist-colors-3-lowContrast-layout-11-full@1x.png: OK
scene-scale/mist/mist-colors-3-lowContrast-layout-11-tile@1x.png: OK
scene-scale/outline/outline-colors-1-dark-layout-11-full@1x.png: OK
scene-scale/outline/outline-colors-1-dark-layout-11-tile@1x.png: OK
scene-scale/outline/outline-colors-1-light-layout-11-full@1x.png: OK
scene-scale/outline/outline-colors-1-light-layout-11-tile@1x.png: OK
scene-scale/outline/outline-colors-1-lowContrast-layout-11-full@1x.png: OK
scene-scale/outline/outline-colors-1-lowContrast-layout-11-tile@1x.png: OK
scene-scale/outline/outline-colors-2-dark-layout-11-full@1x.png: OK
scene-scale/outline/outline-colors-2-dark-layout-11-tile@1x.png: OK
scene-scale/outline/outline-colors-2-light-layout-11-full@1x.png: OK
scene-scale/outline/outline-colors-2-light-layout-11-tile@1x.png: OK
scene-scale/outline/outline-colors-2-lowContrast-layout-11-full@1x.png: OK
scene-scale/outline/outline-colors-2-lowContrast-layout-11-tile@1x.png: OK
scene-scale/outline/outline-colors-3-dark-layout-11-full@1x.png: OK
scene-scale/outline/outline-colors-3-dark-layout-11-tile@1x.png: OK
scene-scale/outline/outline-colors-3-light-layout-11-full@1x.png: OK
scene-scale/outline/outline-colors-3-light-layout-11-tile@1x.png: OK
scene-scale/outline/outline-colors-3-lowContrast-layout-11-full@1x.png: OK
scene-scale/outline/outline-colors-3-lowContrast-layout-11-tile@1x.png: OK
scene-scale/solid/solid-colors-1-dark-layout-11-full@1x.png: OK
scene-scale/solid/solid-colors-1-dark-layout-11-tile@1x.png: OK
scene-scale/solid/solid-colors-1-light-layout-11-full@1x.png: OK
scene-scale/solid/solid-colors-1-light-layout-11-tile@1x.png: OK
scene-scale/solid/solid-colors-1-lowContrast-layout-11-full@1x.png: OK
scene-scale/solid/solid-colors-1-lowContrast-layout-11-tile@1x.png: OK
scene-scale/solid/solid-colors-2-dark-layout-11-full@1x.png: OK
scene-scale/solid/solid-colors-2-dark-layout-11-tile@1x.png: OK
scene-scale/solid/solid-colors-2-light-layout-11-full@1x.png: OK
scene-scale/solid/solid-colors-2-light-layout-11-tile@1x.png: OK
scene-scale/solid/solid-colors-2-lowContrast-layout-11-full@1x.png: OK
scene-scale/solid/solid-colors-2-lowContrast-layout-11-tile@1x.png: OK
scene-scale/solid/solid-colors-3-dark-layout-11-full@1x.png: OK
scene-scale/solid/solid-colors-3-dark-layout-11-tile@1x.png: OK
scene-scale/solid/solid-colors-3-light-layout-11-full@1x.png: OK
scene-scale/solid/solid-colors-3-light-layout-11-tile@1x.png: OK
scene-scale/solid/solid-colors-3-lowContrast-layout-11-full@1x.png: OK
scene-scale/solid/solid-colors-3-lowContrast-layout-11-tile@1x.png: OK
scene-scale/sphere/sphere-colors-1-dark-layout-11-full@1x.png: OK
scene-scale/sphere/sphere-colors-1-dark-layout-11-tile@1x.png: OK
scene-scale/sphere/sphere-colors-1-light-layout-11-full@1x.png: OK
scene-scale/sphere/sphere-colors-1-light-layout-11-tile@1x.png: OK
scene-scale/sphere/sphere-colors-1-lowContrast-layout-11-full@1x.png: OK
scene-scale/sphere/sphere-colors-1-lowContrast-layout-11-tile@1x.png: OK
scene-scale/sphere/sphere-colors-2-dark-layout-11-full@1x.png: OK
scene-scale/sphere/sphere-colors-2-dark-layout-11-tile@1x.png: OK
scene-scale/sphere/sphere-colors-2-light-layout-11-full@1x.png: OK
scene-scale/sphere/sphere-colors-2-light-layout-11-tile@1x.png: OK
scene-scale/sphere/sphere-colors-2-lowContrast-layout-11-full@1x.png: OK
scene-scale/sphere/sphere-colors-2-lowContrast-layout-11-tile@1x.png: OK
scene-scale/sphere/sphere-colors-3-dark-layout-11-full@1x.png: OK
scene-scale/sphere/sphere-colors-3-dark-layout-11-tile@1x.png: OK
scene-scale/sphere/sphere-colors-3-light-layout-11-full@1x.png: OK
scene-scale/sphere/sphere-colors-3-light-layout-11-tile@1x.png: OK
scene-scale/sphere/sphere-colors-3-lowContrast-layout-11-full@1x.png: OK
scene-scale/sphere/sphere-colors-3-lowContrast-layout-11-tile@1x.png: OK
