Building for debugging...
[0/3] Write swift-version--58304C5D6DBC2206.txt
Build of product 'editorial-field-render' complete! (0.10s)
verified material package SHA-256: 09c092ed48a969c81145b789da7f123106c21b124020c3122de7fbd2bf508852
      491.50 real       486.69 user         4.68 sys
           871366656  maximum resident set size
                   0  average shared memory size
                   0  average unshared data size
                   0  average unshared stack size
             1143629  page reclaims
                 212  page faults
                   0  swaps
                   0  block input operations
                   0  block output operations
                   0  messages sent
                   0  messages received
                   0  signals received
                  92  voluntary context switches
               88898  involuntary context switches
       7954132171139  instructions retired
       1556957831535  cycles elapsed
           760268072  peak memory footprint
