Building for debugging...
[0/3] Write swift-version--58304C5D6DBC2206.txt
Build of product 'editorial-field-render' complete! (0.11s)
error: Material artifact hash mismatch: contact-sheets/material-atlas.png
Usage:
  editorial-field-render composition --manifest <path> --output <round-dir> [--source-commit <hash>] [--overlays all|none|crop,overlap,centerOfMass,occupiedBounds]
  editorial-field-render material --manifest <path> --composition-approval <path> --composition-recipes <path> --output <round-dir> [--source-commit <hash>] [--scale <positive-integer>]
  editorial-field-render verify --package <round-dir> --expected-source-commit <full-git-object-id>
  editorial-field-render verify-material --package <round-dir> --composition-approval <path> --composition-recipes <path> --expected-source-commit <full-git-object-id>
        0.57 real         0.12 user         0.05 sys
             8372224  maximum resident set size
                   0  average shared memory size
                   0  average unshared data size
                   0  average unshared stack size
                6573  page reclaims
                 407  page faults
                   0  swaps
                   0  block input operations
                   0  block output operations
                   0  messages sent
                   0  messages received
                   0  signals received
                   2  voluntary context switches
                 457  involuntary context switches
          1712131560  instructions retired
           553361020  cycles elapsed
             3162616  peak memory footprint
