Building for debugging...
[0/3] Write swift-version--58304C5D6DBC2206.txt
Build of product 'editorial-field-render' complete! (0.11s)
verified material package SHA-256: 5a0c7a2251b1e9119155afc31049e51d280d8e76956a9113b469acc279487f57
      630.01 real       622.39 user         7.24 sys
          1812643840  maximum resident set size
                   0  average shared memory size
                   0  average unshared data size
                   0  average unshared stack size
             1677613  page reclaims
                1359  page faults
                   0  swaps
                   0  block input operations
                   0  block output operations
                   0  messages sent
                   0  messages received
                   0  signals received
                 331  voluntary context switches
               92313  involuntary context switches
      10368870775203  instructions retired
       2016355230695  cycles elapsed
          1710360904  peak memory footprint
