BLIND_PACKET_BUILD: PASS
condition_count=9
copied_image_count=36
critic_packet_allowlist_count=37
candidate_package_hash=09c092ed48a969c81145b789da7f123106c21b124020c3122de7fbd2bf508852
baseline_package_hash=c5fcd68d43b57443c56a7b9934566baf178ed46c5c2ef53d18b90b76b6ba1c51
assignment_sha256=af8586f8d58100d3b1a5d377aef8be07fd3b8c6677a51009959a52d574cc38db
packet_manifest_sha256=6d7fe842d5db754a22b6e2be15c55125a2829c4c725cc8fbe163991066aaa268
critic_packet_checksums_sha256=c218fe22a68a7bf79f76ab920b72ad5d6c2aba05102c0cf9a94d1f243eed00bb
identity_leak_scan=PASS
source_copy_byte_identity=36/36
full_tile_crop_equality=18/18
        0.73 real         0.53 user         0.10 sys
           222461952  maximum resident set size
                   0  average shared memory size
                   0  average unshared data size
                   0  average unshared stack size
               20250  page reclaims
                1429  page faults
                   0  swaps
                   0  block input operations
                   0  block output operations
                   0  messages sent
                   0  messages received
                   0  signals received
                 170  voluntary context switches
                 608  involuntary context switches
          6184328204  instructions retired
          2021944613  cycles elapsed
            96387936  peak memory footprint
