Building for debugging...
[0/3] Write swift-version--58304C5D6DBC2206.txt
Build of product 'editorial-field-render' complete! (0.10s)
material evidence: /Users/kosta/Documents/Documents - Konstantin’s MacBook Pro/dev local/step-trader/.worktrees/editorial-task1b-attempt5-3e5f309/artifacts/day-objects-editorial-field/material/approved-3e5f309-attempt5/scale1-rerender
material fixtures: 27
core PNG views: 54
artifact records: 258
composition approval SHA-256: c4f4c95c2431701587a3c366dcc4d82ae21b9a5735d840a995a0aae52346124c
composition recipes SHA-256: 7faef26a612768b67b73b520c7889e569594516bde3745f8a75b4ff2a24aeccd
package SHA-256: 09c092ed48a969c81145b789da7f123106c21b124020c3122de7fbd2bf508852
      487.33 real       481.73 user         5.33 sys
           882982912  maximum resident set size
                   0  average shared memory size
                   0  average unshared data size
                   0  average unshared stack size
             1077196  page reclaims
                 212  page faults
                   0  swaps
                   0  block input operations
                   0  block output operations
                   0  messages sent
                   0  messages received
                   0  signals received
                 326  voluntary context switches
               93092  involuntary context switches
       7945878304430  instructions retired
       1560448180883  cycles elapsed
           782452080  peak memory footprint
