Building for debugging...
[0/3] Write swift-version--58304C5D6DBC2206.txt
Build of product 'editorial-field-render' complete! (0.11s)
verified material package SHA-256: 5a0c7a2251b1e9119155afc31049e51d280d8e76956a9113b469acc279487f57
      636.08 real       628.52 user         7.08 sys
          1815281664  maximum resident set size
                   0  average shared memory size
                   0  average unshared data size
                   0  average unshared stack size
             1676898  page reclaims
                1159  page faults
                   0  swaps
                   0  block input operations
                   0  block output operations
                   0  messages sent
                   0  messages received
                   0  signals received
                 277  voluntary context switches
               92399  involuntary context switches
      10368789528851  instructions retired
       2036477694374  cycles elapsed
          1640335736  peak memory footprint
