AUDIT: FAIL
scale1 expected 261 files
        0.96 real         0.67 user         0.17 sys
           212140032  maximum resident set size
                   0  average shared memory size
                   0  average unshared data size
                   0  average unshared stack size
               15328  page reclaims
                3082  page faults
                   0  swaps
                   0  block input operations
                   0  block output operations
                   0  messages sent
                   0  messages received
                   0  signals received
                 380  voluntary context switches
                 791  involuntary context switches
          8518016591  instructions retired
          2675212584  cycles elapsed
           108495592  peak memory footprint
