Building for debugging...
[0/3] Write swift-version--58304C5D6DBC2206.txt
Build of product 'editorial-field-render' complete! (0.11s)
verified material package SHA-256: 5a0c7a2251b1e9119155afc31049e51d280d8e76956a9113b469acc279487f57
      632.40 real       623.67 user         8.07 sys
          1811054592  maximum resident set size
                   0  average shared memory size
                   0  average unshared data size
                   0  average unshared stack size
             1678155  page reclaims
                1368  page faults
                   0  swaps
                   0  block input operations
                   0  block output operations
                   0  messages sent
                   0  messages received
                   0  signals received
                 901  voluntary context switches
              109644  involuntary context switches
      10370003784478  instructions retired
       2016903845831  cycles elapsed
          1758284128  peak memory footprint
