Building for debugging...
[0/3] Write swift-version--58304C5D6DBC2206.txt
Build of product 'editorial-field-render' complete! (0.11s)
verified material package SHA-256: 09c092ed48a969c81145b789da7f123106c21b124020c3122de7fbd2bf508852
      550.87 real       486.32 user         5.73 sys
           871530496  maximum resident set size
                   0  average shared memory size
                   0  average unshared data size
                   0  average unshared stack size
             1146149  page reclaims
                 218  page faults
                   0  swaps
                   0  block input operations
                   0  block output operations
                   0  messages sent
                   0  messages received
                   0  signals received
                 616  voluntary context switches
              122862  involuntary context switches
       7955590827048  instructions retired
       1571617366839  cycles elapsed
           828081520  peak memory footprint
